// Jest Snapshot v1, https://goo.gl/fbAQLP

exports[`renders correctly 1`] = `
<div
  id="searchBar"
>
  <input
    id="myInput"
    name="MyLibraray"
    onChange={[Function]}
    placeholder="Search"
    required={true}
    type="text"
    value=""
  />
  <button
    onClick={[Function]}
  >
    <i
      className="fa fa-search"
    />
  </button>
</div>
`;
